[    0.000000] Initializing cgroup subsys cpuset
[    0.000000] Initializing cgroup subsys cpu
[    0.000000] Initializing cgroup subsys cpuacct
[    0.000000] Linux version 4.4.0-165-generic (buildd@lgw01-amd64-027) (gcc version 5.4.0 20160609 (Ubuntu 5.4.0-6ubuntu1~16.04.10) ) #193-Ubuntu SMP Tue Sep 17 17:42:52 UTC 2019 (Ubuntu 4.4.0-165.193-generic 4.4.189)
[    0.000000] Command line: BOOT_IMAGE=/boot/vmlinuz-4.4.0-165-generic root=UUID=550dd3ae-7e36-4ee8-99c7-73d48a45f588 ro console=tty1 console=ttyS0
[    0.000000] KERNEL supported cpus:
[    0.000000]   Intel GenuineIntel
[    0.000000]   AMD AuthenticAMD
[    0.000000]   Centaur CentaurHauls
[    0.000000] x86/fpu: xstate_offset[2]:  576, xstate_sizes[2]:  256
[    0.000000] x86/fpu: Supporting XSAVE feature 0x01: 'x87 floating point registers'
[    0.000000] x86/fpu: Supporting XSAVE feature 0x02: 'SSE registers'
[    0.000000] x86/fpu: Supporting XSAVE feature 0x04: 'AVX registers'
[    0.000000] x86/fpu: Enabled xstate features 0x7, context size is 832 bytes, using 'standard' format.
[    0.000000] e820: BIOS-provided physical RAM map:
[    0.000000] BIOS-e820: [mem 0x0000000000000000-0x000000000009fbff] usable
[    0.000000] BIOS-e820: [mem 0x000000000009fc00-0x000000000009ffff] reserved
[    0.000000] BIOS-e820: [mem 0x00000000000f0000-0x00000000000fffff] reserved
[    0.000000] BIOS-e820: [mem 0x0000000000100000-0x000000003ffeffff] usable
[    0.000000] BIOS-e820: [mem 0x000000003fff0000-0x000000003fffffff] ACPI data
[    0.000000] BIOS-e820: [mem 0x00000000fec00000-0x00000000fec00fff] reserved
[    0.000000] BIOS-e820: [mem 0x00000000fee00000-0x00000000fee00fff] reserved
[    0.000000] BIOS-e820: [mem 0x00000000fffc0000-0x00000000ffffffff] reserved
[    0.000000] NX (Execute Disable) protection: active
[    0.000000] SMBIOS 2.5 present.
[    0.000000] Hypervisor detected: KVM
[    0.000000] e820: last_pfn = 0x3fff0 max_arch_pfn = 0x400000000
[    0.000000] MTRR: Disabled
[    0.000000] x86/PAT: MTRRs disabled, skipping PAT initialization too.
[    0.000000] CPU MTRRs all blank - virtualized system.
[    0.000000] x86/PAT: Configuration [0-7]: WB  WT  UC- UC  WB  WT  UC- UC  
[    0.000000] found SMP MP-table at [mem 0x0009fff0-0x0009ffff] mapped at [ffff88000009fff0]
[    0.000000] Scanning 1 areas for low memory corruption
[    0.000000] RAMDISK: [mem 0x361e4000-0x370e9fff]
[    0.000000] ACPI: Early table checksum verification disabled
[    0.000000] ACPI: RSDP 0x00000000000E0000 000024 (v02 VBOX  )
[    0.000000] ACPI: XSDT 0x000000003FFF0030 00003C (v01 VBOX   VBOXXSDT 00000001 ASL  00000061)
[    0.000000] ACPI: FACP 0x000000003FFF00F0 0000F4 (v04 VBOX   VBOXFACP 00000001 ASL  00000061)
[    0.000000] ACPI: DSDT 0x000000003FFF0470 0022EA (v02 VBOX   VBOXBIOS 00000002 INTL 20100528)
[    0.000000] ACPI: FACS 0x000000003FFF0200 000040
[    0.000000] ACPI: FACS 0x000000003FFF0200 000040
[    0.000000] ACPI: APIC 0x000000003FFF0240 00005C (v02 VBOX   VBOXAPIC 00000001 ASL  00000061)
[    0.000000] ACPI: SSDT 0x000000003FFF02A0 0001CC (v01 VBOX   VBOXCPUT 00000002 INTL 20100528)
[    0.000000] No NUMA configuration found
[    0.000000] Faking a node at [mem 0x0000000000000000-0x000000003ffeffff]
[    0.000000] NODE_DATA(0) allocated [mem 0x3ffeb000-0x3ffeffff]
[    0.000000] kvm-clock: Using msrs 4b564d01 and 4b564d00
[    0.000000] kvm-clock: cpu 0, msr 0:3ffe3001, primary cpu clock
[    0.000000] kvm-clock: using sched offset of 3375344742 cycles
[    0.000000] clocksource: kvm-clock: mask: 0xffffffffffffffff max_cycles: 0x1cd42e4dffb, max_idle_ns: 881590591483 ns
[    0.000000] Zone ranges:
[    0.000000]   DMA      [mem 0x0000000000001000-0x0000000000ffffff]
[    0.000000]   DMA32    [mem 0x0000000001000000-0x000000003ffeffff]
[    0.000000]   Normal   empty
[    0.000000]   Device   empty
[    0.000000] Movable zone start for each node
[    0.000000] Early memory node ranges
[    0.000000]   node   0: [mem 0x0000000000001000-0x000000000009efff]
[    0.000000]   node   0: [mem 0x0000000000100000-0x000000003ffeffff]
[    0.000000] Initmem setup node 0 [mem 0x0000000000001000-0x000000003ffeffff]
[    0.000000] ACPI: PM-Timer IO Port: 0x4008
[    0.000000] IOAPIC[0]: apic_id 2, version 32, address 0xfec00000, GSI 0-23
[    0.000000] ACPI: INT_SRC_OVR (bus 0 bus_irq 0 global_irq 2 dfl dfl)
[    0.000000] ACPI: INT_SRC_OVR (bus 0 bus_irq 9 global_irq 9 low level)
[    0.000000] Using ACPI (MADT) for SMP configuration information
[    0.000000] smpboot: Allowing 2 CPUs, 0 hotplug CPUs
[    0.000000] PM: Registered nosave memory: [mem 0x00000000-0x00000fff]
[    0.000000] PM: Registered nosave memory: [mem 0x0009f000-0x0009ffff]
[    0.000000] PM: Registered nosave memory: [mem 0x000a0000-0x000effff]
[    0.000000] PM: Registered nosave memory: [mem 0x000f0000-0x000fffff]
[    0.000000] e820: [mem 0x40000000-0xfebfffff] available for PCI devices
[    0.000000] Booting paravirtualized kernel on KVM
[    0.000000] clocksource: refined-jiffies: mask: 0xffffffff max_cycles: 0xffffffff, max_idle_ns: 7645519600211568 ns
[    0.000000] setup_percpu: NR_CPUS:512 nr_cpumask_bits:512 nr_cpu_ids:2 nr_node_ids:1
[    0.000000] PERCPU: Embedded 34 pages/cpu @ffff88003fc00000 s99544 r8192 d31528 u1048576
[    0.000000] Built 1 zonelists in Node order, mobility grouping on.  Total pages: 257912
[    0.000000] Policy zone: DMA32
[    0.000000] Kernel command line: BOOT_IMAGE=/boot/vmlinuz-4.4.0-165-generic root=UUID=550dd3ae-7e36-4ee8-99c7-73d48a45f588 ro console=tty1 console=ttyS0
[    0.000000] PID hash table entries: 4096 (order: 3, 32768 bytes)
[    0.000000] Memory: 997176K/1048120K available (8621K kernel code, 1335K rwdata, 4032K rodata, 1484K init, 1284K bss, 50944K reserved, 0K cma-reserved)
[    0.000000] SLUB: HWalign=64, Order=0-3, MinObjects=0, CPUs=2, Nodes=1
[    0.000000] Kernel/User page tables isolation: enabled
[    0.000000] Hierarchical RCU implementation.
[    0.000000] 	Build-time adjustment of leaf fanout to 64.
[    0.000000] 	RCU restricting CPUs from NR_CPUS=512 to nr_cpu_ids=2.
[    0.000000] RCU: Adjusting geometry for rcu_fanout_leaf=64, nr_cpu_ids=2
[    0.000000] NR_IRQS:33024 nr_irqs:440 16
[    0.000000] Console: colour VGA+ 80x25
[    0.000000] console [tty1] enabled
[    0.000000] console [ttyS0] enabled
[    0.000000] tsc: Detected 2194.918 MHz processor
[    0.166649] Calibrating delay loop (skipped) preset value.. 4389.83 BogoMIPS (lpj=8779672)
[    0.168649] pid_max: default: 32768 minimum: 301
[    0.169725] ACPI: Core revision 20150930
[    0.171627] ACPI: 2 ACPI AML tables successfully acquired and loaded
[    0.173274] Security Framework initialized
[    0.174261] Yama: becoming mindful.
[    0.175209] AppArmor: AppArmor initialized
[    0.176365] Dentry cache hash table entries: 131072 (order: 8, 1048576 bytes)
[    0.180492] Inode-cache hash table entries: 65536 (order: 7, 524288 bytes)
[    0.182631] Mount-cache hash table entries: 2048 (order: 2, 16384 bytes)
[    0.184985] Mountpoint-cache hash table entries: 2048 (order: 2, 16384 bytes)
[    0.186814] Initializing cgroup subsys io
[    0.187764] Initializing cgroup subsys memory
[    0.188848] Initializing cgroup subsys devices
[    0.189994] Initializing cgroup subsys freezer
[    0.191056] Initializing cgroup subsys net_cls
[    0.192104] Initializing cgroup subsys perf_event
[    0.193220] Initializing cgroup subsys net_prio
[    0.194326] Initializing cgroup subsys hugetlb
[    0.195467] Initializing cgroup subsys pids
[    0.197336] mce: CPU supports 0 MCE banks
[    0.198389] Last level iTLB entries: 4KB 1024, 2MB 1024, 4MB 1024
[    0.200421] Last level dTLB entries: 4KB 1024, 2MB 1024, 4MB 1024, 1GB 4
[    0.201962] Spectre V1 : Mitigation: usercopy/swapgs barriers and __user pointer sanitization
[    0.203897] Spectre V2 : Mitigation: Full generic retpoline
[    0.205171] Spectre V2 : Spectre v2 / SpectreRSB mitigation: Filling RSB on context switch
[    0.207363] Speculative Store Bypass: Vulnerable
[    0.208496] MDS: Mitigation: Clear CPU buffers
[    0.212172] Freeing SMP alternatives memory: 36K
[    0.218860] ftrace: allocating 32318 entries in 127 pages
[    0.277839] smpboot: APIC(0) Converting physical 0 to logical package 0
[    0.279551] smpboot: Max logical packages: 1
[    0.280867] x2apic enabled
[    0.281794] Switched APIC routing to physical x2apic.
[    0.283935] ..TIMER: vector=0x30 apic1=0 pin1=2 apic2=-1 pin2=-1
[    0.390585] smpboot: CPU0: Intel(R) Core(TM) i7-4770HQ CPU @ 2.20GHz (family: 0x6, model: 0x46, stepping: 0x1)
[    0.393212] Performance Events: unsupported p6 CPU model 70 no PMU driver, software events only.
[    0.405835] KVM setup paravirtual spinlock
[    0.407695] x86: Booting SMP configuration:
[    0.408679] .... node  #0, CPUs:      #1
[    0.409803] kvm-clock: cpu 1, msr 0:3ffe3041, secondary cpu clock
[    0.411772] mce: CPU supports 0 MCE banks
[    0.414465] x86: Booted up 1 node, 2 CPUs
[    0.415726] smpboot: Total of 2 processors activated (8779.67 BogoMIPS)
[    0.417583] devtmpfs: initialized
[    0.419614] evm: security.selinux
[    0.420413] evm: security.SMACK64
[    0.421296] evm: security.SMACK64EXEC
[    0.422252] evm: security.SMACK64TRANSMUTE
[    0.423296] evm: security.SMACK64MMAP
[    0.424268] evm: security.ima
[    0.425045] evm: security.capability
[    0.426181] clocksource: jiffies: mask: 0xffffffff max_cycles: 0xffffffff, max_idle_ns: 7645041785100000 ns
[    0.428570] futex hash table entries: 512 (order: 3, 32768 bytes)
[    0.430286] pinctrl core: initialized pinctrl subsystem
[    0.431761] RTC time: 20:03:15, date: 10/16/19
[    0.433336] NET: Registered protocol family 16
[    0.446236] cpuidle: using governor ladder
[    0.458952] cpuidle: using governor menu
[    0.460526] PCCT header not found.
[    0.461756] ACPI: bus type PCI registered
[    0.463012] acpiphp: ACPI Hot Plug PCI Controller Driver version: 0.5
[    0.464803] PCI: Using configuration type 1 for base access
[    0.479949] ACPI: Added _OSI(Module Device)
[    0.481371] ACPI: Added _OSI(Processor Device)
[    0.483949] ACPI: Added _OSI(3.0 _SCP Extensions)
[    0.485946] ACPI: Added _OSI(Processor Aggregator Device)
[    0.488239] ACPI: Executed 1 blocks of module-level executable AML code
[    0.492110] ACPI: Interpreter enabled
[    0.493124] ACPI: (supports S0 S5)
[    0.494282] ACPI: Using IOAPIC for interrupt routing
[    0.495959] PCI: Using host bridge windows from ACPI; if necessary, use "pci=nocrs" and report a bug
[    0.504002] ACPI: PCI Root Bridge [PCI0] (domain 0000 [bus 00-ff])
[    0.505424] acpi PNP0A03:00: _OSC: OS supports [ASPM ClockPM Segments MSI]
[    0.507482] acpi PNP0A03:00: _OSC: not requesting OS control; OS requires [ExtendedConfig ASPM ClockPM MSI]
[    0.509864] acpi PNP0A03:00: fail to add MMCONFIG information, can't access extended PCI configuration space under this bridge.
[    0.513143] PCI host bridge to bus 0000:00
[    0.514258] pci_bus 0000:00: root bus resource [io  0x0000-0x0cf7 window]
[    0.515828] pci_bus 0000:00: root bus resource [io  0x0d00-0xffff window]
[    0.517675] pci_bus 0000:00: root bus resource [mem 0x000a0000-0x000bffff window]
[    0.519510] pci_bus 0000:00: root bus resource [mem 0x40000000-0xfdffffff window]
[    0.521372] pci_bus 0000:00: root bus resource [bus 00-ff]
[    0.524759] pci 0000:00:01.1: legacy IDE quirk: reg 0x10: [io  0x01f0-0x01f7]
[    0.526425] pci 0000:00:01.1: legacy IDE quirk: reg 0x14: [io  0x03f6]
[    0.527981] pci 0000:00:01.1: legacy IDE quirk: reg 0x18: [io  0x0170-0x0177]
[    0.529558] pci 0000:00:01.1: legacy IDE quirk: reg 0x1c: [io  0x0376]
[    0.554584] pci 0000:00:07.0: quirk: [io  0x4000-0x403f] claimed by PIIX4 ACPI
[    0.556311] pci 0000:00:07.0: quirk: [io  0x4100-0x410f] claimed by PIIX4 SMB
[    0.567053] ACPI: PCI Interrupt Link [LNKA] (IRQs 5 9 10 *11)
[    0.569242] ACPI: PCI Interrupt Link [LNKB] (IRQs 5 9 *10 11)
[    0.571287] ACPI: PCI Interrupt Link [LNKC] (IRQs 5 *9 10 11)
[    0.573044] ACPI: PCI Interrupt Link [LNKD] (IRQs 5 9 10 *11)
[    0.574920] ACPI: Enabled 2 GPEs in block 00 to 07
[    0.576708] vgaarb: setting as boot device: PCI:0000:00:02.0
[    0.578010] vgaarb: device added: PCI:0000:00:02.0,decodes=io+mem,owns=io+mem,locks=none
[    0.580091] vgaarb: loaded
[    0.580822] vgaarb: bridge control possible 0000:00:02.0
[    0.582284] SCSI subsystem initialized
[    0.583323] ACPI: bus type USB registered
[    0.584366] usbcore: registered new interface driver usbfs
[    0.585825] usbcore: registered new interface driver hub
[    0.586975] usbcore: registered new device driver usb
[    0.588420] PCI: Using ACPI for IRQ routing
[    0.589995] NetLabel: Initializing
[    0.590860] NetLabel:  domain hash size = 128
[    0.591896] NetLabel:  protocols = UNLABELED CIPSOv4
[    0.594626] NetLabel:  unlabeled traffic allowed by default
[    0.596102] amd_nb: Cannot enumerate AMD northbridges
[    0.597428] clocksource: Switched to clocksource kvm-clock
[    0.606686] AppArmor: AppArmor Filesystem Enabled
[    0.607912] pnp: PnP ACPI init
[    0.609850] pnp: PnP ACPI: found 3 devices
[    0.620572] clocksource: acpi_pm: mask: 0xffffff max_cycles: 0xffffff, max_idle_ns: 2085701024 ns
[    0.622616] NET: Registered protocol family 2
[    0.623922] TCP established hash table entries: 8192 (order: 4, 65536 bytes)
[    0.625430] TCP bind hash table entries: 8192 (order: 5, 131072 bytes)
[    0.626927] TCP: Hash tables configured (established 8192 bind 8192)
[    0.628423] UDP hash table entries: 512 (order: 2, 16384 bytes)
[    0.629800] UDP-Lite hash table entries: 512 (order: 2, 16384 bytes)
[    0.631287] NET: Registered protocol family 1
[    0.632318] pci 0000:00:00.0: Limiting direct PCI/PCI transfers
[    0.633655] pci 0000:00:01.0: Activating ISA DMA hang workarounds
[    0.635200] Unpacking initramfs...
[    0.882998] Freeing initrd memory: 15384K
[    0.884116] clocksource: tsc: mask: 0xffffffffffffffff max_cycles: 0x1fa37202099, max_idle_ns: 440795206796 ns
[    0.886297] platform rtc_cmos: registered platform RTC device (no PNP device found)
[    0.888052] Scanning for low memory corruption every 60 seconds
[    0.889889] audit: initializing netlink subsys (disabled)
[    0.891107] audit: type=2000 audit(1571256200.577:1): initialized
[    0.892661] Initialise system trusted keyring
[    0.894199] HugeTLB registered 2 MB page size, pre-allocated 0 pages
[    0.896898] zbud: loaded
[    0.898110] VFS: Disk quotas dquot_6.6.0
[    0.899096] VFS: Dquot-cache hash table entries: 512 (order 0, 4096 bytes)
[    0.900808] squashfs: version 4.0 (2009/01/31) Phillip Lougher
[    0.902478] fuse init (API version 7.23)
[    0.903604] Key type big_key registered
[    0.904492] Allocating IMA MOK and blacklist keyrings.
[    0.906992] Key type asymmetric registered
[    0.907910] Asymmetric key parser 'x509' registered
[    0.909030] Block layer SCSI generic (bsg) driver version 0.4 loaded (major 249)
[    0.911019] io scheduler noop registered
[    0.911987] io scheduler deadline registered (default)
[    0.913212] io scheduler cfq registered
[    0.914540] pci_hotplug: PCI Hot Plug PCI Core version: 0.5
[    0.915800] pciehp: PCI Express Hot Plug Controller Driver version: 0.4
[    0.917483] ACPI: AC Adapter [AC] (on-line)
[    0.918607] input: Power Button as /devices/LNXSYSTM:00/LNXPWRBN:00/input/input0
[    0.920391] ACPI: Power Button [PWRF]
[    0.921376] input: Sleep Button as /devices/LNXSYSTM:00/LNXSLPBN:00/input/input1
[    0.923312] ACPI: Sleep Button [SLPF]
[    0.924421] GHES: HEST is not enabled!
[    0.925510] ACPI: Battery Slot [BAT0] (battery present)
[    0.926930] Serial: 8250/16550 driver, 32 ports, IRQ sharing enabled
[    0.949180] 00:02: ttyS0 at I/O 0x3f8 (irq = 4, base_baud = 115200) is a 16550A
[    0.955668] Linux agpgart interface v0.103
[    0.961619] loop: module loaded
[    0.963232] scsi host0: ata_piix
[    0.964496] scsi host1: ata_piix
[    0.965348] ata1: PATA max UDMA/33 cmd 0x1f0 ctl 0x3f6 bmdma 0xd000 irq 14
[    0.966946] ata2: PATA max UDMA/33 cmd 0x170 ctl 0x376 bmdma 0xd008 irq 15
[    0.969024] libphy: Fixed MDIO Bus: probed
[    0.970876] tun: Universal TUN/TAP device driver, 1.6
[    0.972689] tun: (C) 1999-2004 Max Krasnyansky <maxk@qualcomm.com>
[    0.974281] PPP generic driver version 2.4.2
[    0.975595] ehci_hcd: USB 2.0 'Enhanced' Host Controller (EHCI) Driver
[    0.977144] ehci-pci: EHCI PCI platform driver
[    0.978271] ehci-platform: EHCI generic platform driver
[    0.979465] ohci_hcd: USB 1.1 'Open' Host Controller (OHCI) Driver
[    0.980948] ohci-pci: OHCI PCI platform driver
[    0.982176] ohci-platform: OHCI generic platform driver
[    0.983468] uhci_hcd: USB Universal Host Controller Interface driver
[    0.985032] i8042: PNP: PS/2 Controller [PNP0303:PS2K,PNP0f03:PS2M] at 0x60,0x64 irq 1,12
[    0.987534] serio: i8042 KBD port at 0x60,0x64 irq 1
[    0.988749] serio: i8042 AUX port at 0x60,0x64 irq 12
[    0.990164] mousedev: PS/2 mouse device common for all mice
[    0.991811] input: AT Translated Set 2 keyboard as /devices/platform/i8042/serio0/input/input2
[    0.994290] rtc_cmos rtc_cmos: rtc core: registered rtc_cmos as rtc0
[    0.995934] rtc_cmos rtc_cmos: alarms up to one day, 114 bytes nvram
[    0.997310] i2c /dev entries driver
[    0.998410] device-mapper: uevent: version 1.0.3
[    0.999674] device-mapper: ioctl: 4.34.0-ioctl (2015-10-28) initialised: dm-devel@redhat.com
[    1.001699] ledtrig-cpu: registered to indicate activity on CPUs
[    1.003619] NET: Registered protocol family 10
[    1.004976] NET: Registered protocol family 17
[    1.006060] Key type dns_resolver registered
[    1.007745] registered taskstats version 1
[    1.008907] Loading compiled-in X.509 certificates
[    1.011231] Loaded X.509 cert 'Build time autogenerated kernel key: 0ed82eac04367aa6426493b1389455ebf6830eaa'
[    1.013810] zswap: loaded using pool lzo/zbud
[    1.016873] Key type trusted registered
[    1.022832] Key type encrypted registered
[    1.024093] AppArmor: AppArmor sha1 policy hashing enabled
[    1.025471] ima: No TPM chip found, activating TPM-bypass!
[    1.027049] ima: Allocated hash algorithm: sha1
[    1.028511] evm: HMAC attrs: 0x1
[    1.030745]   Magic number: 7:861:93
[    1.032079] rtc_cmos rtc_cmos: setting system clock to 2019-10-16 20:03:16 UTC (1571256196)
[    1.034553] BIOS EDD facility v0.16 2004-Jun-25, 0 devices found
[    1.036256] EDD information not available.
[    1.127291] Freeing unused kernel memory: 1484K
[    1.129950] Write protecting the kernel read-only data: 14336k
[    1.132609] Freeing unused kernel memory: 1608K
[    1.134700] Freeing unused kernel memory: 64K
Loading, please wait...
starting version 229
[    1.158396] random: systemd-udevd: uninitialized urandom read (16 bytes read, 2 bits of entropy available)
[    1.158674] random: udevadm: uninitialized urandom read (16 bytes read, 2 bits of entropy available)
[    1.158700] random: udevadm: uninitialized urandom read (16 bytes read, 2 bits of entropy available)
[    1.167843] random: systemd-udevd: uninitialized urandom read (16 bytes read, 2 bits of entropy available)
[    1.171114] random: udevadm: uninitialized urandom read (16 bytes read, 2 bits of entropy available)
[    1.171180] random: udevadm: uninitialized urandom read (16 bytes read, 2 bits of entropy available)
[    1.171386] random: udevadm: uninitialized urandom read (16 bytes read, 2 bits of entropy available)
[    1.171462] random: udevadm: uninitialized urandom read (16 bytes read, 2 bits of entropy available)
[    1.171538] random: udevadm: uninitialized urandom read (16 bytes read, 2 bits of entropy available)
[    1.171615] random: udevadm: uninitialized urandom read (16 bytes read, 2 bits of entropy available)
[    1.228144] e1000: Intel(R) PRO/1000 Network Driver - version 7.3.21-k8-NAPI
[    1.230885] e1000: Copyright (c) 1999-2006 Intel Corporation.
[    1.232727] Fusion MPT base driver 3.04.20
[    1.233978] Copyright (c) 1999-2008 LSI Corporation
[    1.240403] Fusion MPT SPI Host driver 3.04.20
[    1.285389] AVX2 version of gcm_enc/dec engaged.
[    1.286797] AES CTR mode by8 optimization enabled
[    1.466692] input: ImExPS/2 Generic Explorer Mouse as /devices/platform/i8042/serio1/input/input4
[    1.913353] e1000 0000:00:03.0 eth0: (PCI:33MHz:32-bit) 02:af:57:b2:64:eb
[    1.915236] e1000 0000:00:03.0 eth0: Intel(R) PRO/1000 Network Connection
[    1.918084] mptbase: ioc0: Initiating bringup
[    2.240470] ioc0: LSI53C1030 A0: Capabilities={Initiator}
[    2.872658] scsi host2: ioc0: LSI53C1030 A0, FwRev=00000000h, Ports=1, MaxQ=256, IRQ=20
[    3.273838] scsi 2:0:0:0: Direct-Access     VBOX     HARDDISK         1.0  PQ: 0 ANSI: 5
[    3.276361] scsi target2:0:0: Beginning Domain Validation
[    3.282456] scsi target2:0:0: Domain Validation skipping write tests
[    3.285058] scsi target2:0:0: Ending Domain Validation
[    3.287363] scsi target2:0:0: asynchronous
[    3.290178] scsi 2:0:1:0: Direct-Access     VBOX     HARDDISK         1.0  PQ: 0 ANSI: 5
[    3.292812] scsi target2:0:1: Beginning Domain Validation
[    3.297890] scsi target2:0:1: Domain Validation skipping write tests
[    3.300193] scsi target2:0:1: Ending Domain Validation
[    3.301823] scsi target2:0:1: asynchronous
[    3.343011] sd 2:0:0:0: Attached scsi generic sg0 type 0
[    3.364058] sd 2:0:0:0: [sda] 20971520 512-byte logical blocks: (10.7 GB/10.0 GiB)
[    3.368119] sd 2:0:0:0: [sda] Write Protect is off
[    3.371053] sd 2:0:0:0: [sda] Incomplete mode parameter data
[    3.374338] sd 2:0:0:0: [sda] Assuming drive cache: write through
[    3.378099] sd 2:0:1:0: Attached scsi generic sg1 type 0
[    3.382457] sd 2:0:1:0: [sdb] 20480 512-byte logical blocks: (10.5 MB/10.0 MiB)
[    3.386782] sd 2:0:1:0: [sdb] Write Protect is off
[    3.389455]  sda: sda1
[    3.391478] sd 2:0:1:0: [sdb] Incomplete mode parameter data
[    3.393822] sd 2:0:1:0: [sdb] Assuming drive cache: write through
[    3.396751] sd 2:0:0:0: [sda] Attached SCSI disk
[    3.401661] sd 2:0:1:0: [sdb] Attached SCSI disk
[    3.682392] e1000 0000:00:08.0 eth1: (PCI:33MHz:32-bit) 08:00:27:2d:ef:18
[    3.683892] e1000 0000:00:08.0 eth1: Intel(R) PRO/1000 Network Connection
[    3.686444] e1000 0000:00:03.0 enp0s3: renamed from eth0
[    3.698186] e1000 0000:00:08.0 enp0s8: renamed from eth1
Begin: Loading essential drivers ... [    5.039168] md: linear personality registered for level -1
[    5.043934] md: multipath personality registered for level -4
[    5.054455] md: raid0 personality registered for level 0
[    5.060747] md: raid1 personality registered for level 1
[    5.137618] raid6: sse2x1   gen()  7141 MB/s
[    5.205585] raid6: sse2x1   xor()  5775 MB/s
[    5.273464] raid6: sse2x2   gen()  8566 MB/s
[    5.341672] raid6: sse2x2   xor()  7297 MB/s
[    5.409491] raid6: sse2x4   gen() 13287 MB/s
[    5.477438] raid6: sse2x4   xor()  9451 MB/s
[    5.545480] raid6: avx2x1   gen() 17735 MB/s
[    5.613560] raid6: avx2x2   gen() 18263 MB/s
[    5.681734] raid6: avx2x4   gen() 19578 MB/s
[    5.682943] raid6: using algorithm avx2x4 gen() 19578 MB/s
[    5.684211] raid6: using avx2x2 recovery algorithm
[    5.686378] xor: automatically using best checksumming function:
[    5.725679]    avx       : 28865.000 MB/sec
[    5.727675] async_tx: api initialized (async)
[    5.738438] md: raid6 personality registered for level 6
[    5.739755] md: raid5 personality registered for level 5
[    5.740996] md: raid4 personality registered for level 4
[    5.748548] md: raid10 personality registered for level 10
done.
Begin: Running /scripts/init-premount ... done.
Begin: Mounting root file system ... Begin: Running /scripts/local-top ... done.
Begin: Running /scripts/local-premount ... [    5.778709] Btrfs loaded
Scanning for Btrfs filesystems
done.
Warning: fsck not present, so skipping root file system
[    5.810799] EXT4-fs (sda1): mounted filesystem with ordered data mode. Opts: (null)
done.
Begin: Running /scripts/local-bottom ... done.
Begin: Running /scripts/init-bottom ... done.
[    5.909209] systemd[1]: systemd 229 running in system mode. (+PAM +AUDIT +SELINUX +IMA +APPARMOR +SMACK +SYSVINIT +UTMP +LIBCRYPTSETUP +GCRYPT +GNUTLS +ACL +XZ -LZ4 +SECCOMP +BLKID +ELFUTILS +KMOD -IDN)
[    5.913084] systemd[1]: Detected virtualization oracle.
[    5.914472] systemd[1]: Detected architecture x86-64.

Welcome to [1mUbuntu 16.04.6 LTS[0m!

[    5.918363] systemd[1]: Set hostname to <ubuntu-xenial>.
[    6.055500] systemd[1]: Reached target System Time Synchronized.
[[0;32m  OK  [0m] Reached target System Time Synchronized.
[    6.066006] systemd[1]: Created slice User and Session Slice.
[[0;32m  OK  [0m] Created slice User and Session Slice.
[    6.068810] systemd[1]: Created slice System Slice.
[[0;32m  OK  [0m] Created slice System Slice.
[    6.071182] systemd[1]: Listening on Device-mapper event daemon FIFOs.
[[0;32m  OK  [0m] Listening on Device-mapper event daemon FIFOs.
[    6.074262] systemd[1]: Reached target User and Group Name Lookups.
[[0;32m  OK  [0m] Reached target User and Group Name Lookups.
[    6.077308] systemd[1]: Listening on udev Kernel Socket.
[[0;32m  OK  [0m] Listening on udev Kernel Socket.
[    6.080211] systemd[1]: Reached target Swap.
[[0;32m  OK  [0m] Reached target Swap.
[    6.082318] systemd[1]: Listening on Journal Audit Socket.
[[0;32m  OK  [0m] Listening on Journal Audit Socket.
[    6.084608] systemd[1]: Started Forward Password Requests to Wall Directory Watch.
[[0;32m  OK  [0m] Started Forward Password Requests to Wall Directory Watch.
[    6.088430] systemd[1]: Set up automount Arbitrary Executable File Formats File System Automount Point.
[[0;32m  OK  [0m] Set up automount Arbitrary Executab...ats File System Automount Point.
[    6.092980] systemd[1]: Started Trigger resolvconf update for networkd DNS.
[[0;32m  OK  [0m] Started Trigger resolvconf update for networkd DNS.
[    6.096378] systemd[1]: Listening on /dev/initctl Compatibility Named Pipe.
[[0;32m  OK  [0m] Listening on /dev/initctl Compatibility Named Pipe.
[    6.099467] systemd[1]: Listening on Journal Socket.
[[0;32m  OK  [0m] Listening on Journal Socket.
[    6.113856] systemd[1]: Mounting POSIX Message Queue File System...
         Mounting POSIX Message Queue File System...
[    6.122723] systemd[1]: Mounting Huge Pages File System...
         Mounting Huge Pages File System...
[    6.127343] systemd[1]: Starting Nameserver information manager...
         Starting Nameserver information manager...
[    6.134049] systemd[1]: Starting Create list of required static device nodes for the current kernel...
         Starting Create list of required st... nodes for the current kernel...
[    6.139647] systemd[1]: Starting Remount Root and Kernel File Systems...
         Starting Remount Root and Kernel File Systems...
[    6.142835] systemd[1]: Mounting Debug File System...
         Mounting Debug File System...
[    6.147131] systemd[1]: Created slice system-serial\x2dgetty.slice.
[[0;32m  OK  [0m] Created slice system-serial\x2dgetty.slice.
[    6.149492] systemd[1]: Listening on udev Control Socket.
[    6.150447] EXT4-fs (sda1): re-mounted. Opts: (null)
[[0;32m  OK  [0m] Listening on udev Control Socket.
[    6.152774] systemd[1]: Listening on LVM2 metadata daemon socket.
[[0;32m  OK  [0m] Listening on LVM2 metadata daemon socket.
[    6.156457] systemd[1]: Starting Load Kernel Modules...
         Starting Load Kernel Modules...
[    6.158779] systemd[1]: Listening on Journal Socket (/dev/log).
[[0;32m  OK  [0m] Listening on Journal Socket (/dev/log).
[    6.166147] systemd[1]: Reached target Encrypted Volumes.
[[0;32m  OK  [0m] Reached target Encrypted Volumes.
[    6.170050] Loading iSCSI transport class v2.0-870.
[    6.176822] iscsi: registered transport (tcp)
[    6.177929] systemd[1]: Starting Set console keymap...
         Starting Set console keymap...
[    6.190678] systemd[1]: Starting Uncomplicated firewall...
         Starting Uncomplicated firewall...
[    6.194528] systemd[1]: Starting Monitoring of LVM2 mirrors, snapshots etc. using dmeventd or progress polling...
         Starting Monitoring of LVM2 mirrors... dmeventd or progress polling...
[    6.202739] systemd[1]: Listening on LVM2 poll daemon socket.
[[0;32m  OK  [0m] Listening on LVM2 poll daemon socket.
[    6.206092] systemd[1]: Listening on Syslog Socket.
[[0;32m  OK  [0m] Listening on Syslog Socket.
[    6.209521] systemd[1]: Starting Journal Service...
         Starting Journal Service...
[    6.213746] systemd[1]: Reached target Slices.
[[0;32m  OK  [0m] Reached target Slices.
[    6.228810] iscsi: registered transport (iser)
[    6.238672] systemd[1]: Mounted Debug File System.
[[0;32m  OK  [0m] Mounted Debug File System.
[    6.242490] systemd[1]: Mounted POSIX Message Queue File System.
[[0;32m  OK  [0m] Mounted POSIX Message Queue File System.
[    6.245195] systemd[1]: Mounted Huge Pages File System.
[[0;32m  OK  [0m] Mounted Huge Pages File System.
[    6.250783] systemd[1]: Started Create list of required static device nodes for the current kernel.
[[0;32m  OK  [0m] Started Create list of required sta...ce nodes for the current kernel.
[    6.255195] systemd[1]: Started Remount Root and Kernel File Systems.
[[0;32m  OK  [0m] Started Remount Root and Kernel File Systems.
[    6.258256] systemd[1]: Started Load Kernel Modules.
[[0;32m  OK  [0m] Started Load Kernel Modules.
[    6.260914] systemd[1]: Started Set console keymap.
[[0;32m  OK  [0m] Started Set console keymap.
[    6.263887] systemd[1]: Started Uncomplicated firewall.
[[0;32m  OK  [0m] Started Uncomplicated firewall.
[    6.266700] systemd[1]: Started Nameserver information manager.
[[0;32m  OK  [0m] Started Nameserver information manager.
[    6.271734] systemd[1]: Started Journal Service.
[[0;32m  OK  [0m] Started Journal Service.
[[0;32m  OK  [0m] Started LVM2 metadata daemon.
         Starting Apply Kernel Variables...
         Mounting FUSE Control File System...
         Starting Load/Save Random Seed...
         Starting Flush Journal to Persistent Storage...
         Starting udev Coldplug all Devices...
         Starting Create Static Device Nodes in /dev...
[[0;32m  OK  [0m] Mounted FUSE Control File System.
[[0;32m  OK  [0m] Started Load/Save Random Seed.
[[0;32m  OK  [0m] Started Apply Kernel Variables.
[[0;32m  OK  [0m] Started Create Static Device Nodes in /dev.
[[0;32m  OK  [0m] Started Flush Journal to Persistent Storage.
[[0;32m  OK  [0m] Started udev Coldplug all Devices.
         Starting udev Kernel Device Manager...
[[0;32m  OK  [0m] Started udev Kernel Device Manager.
[[0;32m  OK  [0m] Started Dispatch Password Requests to Console Directory Watch.
[[0;32m  OK  [0m] Found device /dev/ttyS0.
[[0;32m  OK  [0m] Listening on Load/Save RF Kill Switch Status /dev/rfkill Watch.
[[0;32m  OK  [0m] Found device 82540EM Gigabit Ethern...r (PRO/1000 MT Desktop Adapter).
[[0;32m  OK  [0m] Started Monitoring of LVM2 mirrors,...ng dmeventd or progress polling.
[[0;32m  OK  [0m] Reached target Local File Systems (Pre).
[[0;32m  OK  [0m] Reached target Local File Systems.
         Starting LSB: AppArmor initialization...
         Starting Set console font and keymap...
         Starting Initial cloud-init job (pre-networking)...
         Starting Create Volatile Files and Directories...
         Starting Tell Plymouth To Write Out Runtime Data...
[[0;32m  OK  [0m] Started Create Volatile Files and Directories.
[[0;32m  OK  [0m] Started Tell Plymouth To Write Out Runtime Data.
[[0;32m  OK  [0m] Found device 82540EM Gigabit Ethern...r (PRO/1000 MT Desktop Adapter).
         Starting Update UTMP about System Boot/Shutdown...
[[0;32m  OK  [0m] Started LSB: AppArmor initialization.
[[0;32m  OK  [0m] Started Update UTMP about System Boot/Shutdown.
[[0;32m  OK  [0m] Started Set console font and keymap.
[[0;32m  OK  [0m] Created slice system-getty.slice.
[    7.670495] cloud-init[650]: Cloud-init v. 19.2-36-g059d049c-0ubuntu1~16.04.1 running 'init-local' at Wed, 16 Oct 2019 20:03:23 +0000. Up 7.43 seconds.
[[0;32m  OK  [0m] Started Initial cloud-init job (pre-networking).
[[0;32m  OK  [0m] Reached target Network (Pre).
[[0;32m  OK  [0m] Started ifup for enp0s3.
         Starting Raise network interfaces...
[[0;32m  OK  [0m] Started ifup for enp0s8.
[[0;32m  OK  [0m] Started Raise network interfaces.
[[0;32m  OK  [0m] Reached target Network.
         Starting Initial cloud-init job (metadata service crawler)...
[    8.369208] cloud-init[1078]: Cloud-init v. 19.2-36-g059d049c-0ubuntu1~16.04.1 running 'init' at Wed, 16 Oct 2019 20:03:23 +0000. Up 8.14 seconds.
[    8.376700] cloud-init[1078]: ci-info: ++++++++++++++++++++++++++++++++++++++Net device info+++++++++++++++++++++++++++++++++++++++
[    8.387587] cloud-init[1078]: ci-info: +--------+------+-----------------------------+---------------+--------+-------------------+
[    8.396460] cloud-init[1078]: ci-info: | Device |  Up  |           Address           |      Mask     | Scope  |     Hw-Address    |
[    8.404576] cloud-init[1078]: ci-info: +--------+------+-----------------------------+---------------+--------+-------------------+
[    8.412572] cloud-init[1078]: ci-info: | enp0s3 | True |          10.0.2.15          | 255.255.255.0 | global | 02:af:57:b2:64:eb |
[[0;32m  OK  [0m] Started Initial cloud-init job (metadata service crawler).
[    8.423540] cloud-init[1078]: ci-info: | enp0s3 | True |  fe80::af:57ff:feb2:64eb/64 |       .       |  link  | 02:af:57:b2:64:eb |
[    8.425520] cloud-init[1078]: ci-info: | enp0s8 | True |        192.168.33.10        | 255.255.255.0 | global | 08:00:27:2d:ef:18 |
[    8.432369] cloud-init[1078]: ci-info: | enp0s8 | True | fe80::a00:27ff:fe2d:ef18/64 |       .       |  link  | 08:00:27:2d:ef:18 |
[    8.432533] cloud-init[1078]: ci-info: |   lo   | True |          127.0.0.1          |   255.0.0.0   |  host  |         .         |
[    8.433813] cloud-init[1078]: ci-info: |   lo   | True |           ::1/128           |       .       |  host  |         .         |
[    8.434112] cloud-init[1078]: ci-info: +--------+------+-----------------------------+---------------+--------+-------------------+
[    8.434358] cloud-init[1078]: ci-info: ++++++++++++++++++++++++++++Route IPv4 info++++++++++++++++++++++++++++
[    8.434514] cloud-init[1078]: ci-info: +-------+--------------+----------+---------------+-----------+-------+
[    8.434740] cloud-init[1078]: ci-info: | Route | Destination  | Gateway  |    Genmask    | Interface | Flags |
[    8.434958] cloud-init[1078]: ci-info: +-------+--------------+----------+---------------+-----------+-------+
[    8.435219] cloud-init[1078]: ci-info: |   0   |   0.0.0.0    | 10.0.2.2 |    0.0.0.0    |   enp0s3  |   UG  |
[    8.435326] cloud-init[1078]: ci-info: |   1   |   10.0.2.0   | 0.0.0.0  | 255.255.255.0 |   enp0s3  |   U   |
[    8.435558] cloud-init[1078]: ci-info: |   2   | 192.168.33.0 | 0.0.0.0  | 255.255.255.0 |   enp0s8  |   U   |
[    8.435789] cloud-init[1078]: ci-info: +-------+--------------+----------+---------------+-----------+-------+
[    8.436201] cloud-init[1078]: ci-info: +++++++++++++++++++Route IPv6 info+++++++++++++++++++
[    8.436405] cloud-init[1078]: ci-info: +-------+-------------+---------+-----------+-------+
[    8.436653] cloud-init[1078]: ci-info: | Route | Destination | Gateway | Interface | Flags |
[    8.436854] cloud-init[1078]: ci-info: +-------+-------------+---------+-----------+-------+
[    8.436954] cloud-init[1078]: ci-info: |   0   |  fe80::/64  |    ::   |   enp0s8  |   U   |
[    8.437078] cloud-init[1078]: ci-info: |   1   |  fe80::/64  |    ::   |   enp0s3  |   U   |
[    8.437370] cloud-init[1078]: ci-info: |   4   |   ff00::/8  |    ::   |   enp0s8  |   U   |
[    8.437471] cloud-init[1078]: ci-info: |   5   |   ff00::/8  |    ::   |   enp0s3  |   U   |
[    8.437563] cloud-init[1078]: ci-info: +-------+-------------+---------+-----------+-------+
[[0;32m  OK  [0m] Reached target Cloud-config availability.
[[0;32m  OK  [0m] Reached target System Initialization.
[[0;32m  OK  [0m] Listening on UUID daemon activation socket.
[[0;32m  OK  [0m] Listening on D-Bus System Message Bus Socket.
[[0;32m  OK  [0m] Listening on ACPID Listen Socket.
[[0;32m  OK  [0m] Started ACPI Events Check.
[[0;32m  OK  [0m] Reached target Paths.
[[0;32m  OK  [0m] Started Daily apt download activities.
[[0;32m  OK  [0m] Started Daily apt upgrade and clean activities.
         Starting Socket activation for snappy daemon.
[[0;32m  OK  [0m] Started Daily Cleanup of Temporary Directories.
[[0;32m  OK  [0m] Reached target Timers.
         Starting LXD - unix socket.
[[0;32m  OK  [0m] Reached target Network is Online.
         Starting iSCSI initiator daemon (iscsid)...
[[0;32m  OK  [0m] Listening on Socket activation for snappy daemon.
[[0;32m  OK  [0m] Listening on LXD - unix socket.
[[0;32m  OK  [0m] Started iSCSI initiator daemon (iscsid).
         Starting Login to default iSCSI targets...
[[0;32m  OK  [0m] Reached target Sockets.
[[0;32m  OK  [0m] Reached target Basic System.
         Starting /etc/rc.local Compatibility...
[[0;32m  OK  [0m] Started D-Bus System Message Bus.
         Starting Virtualbox guest utils...
[[0;32m  OK  [0m] Started Deferred execution scheduler.
[[0;32m  OK  [0m] Started ACPI event daemon.
[[0;32m  OK  [0m] Started Regular background program processing daemon.
         Starting OpenBSD Secure Shell server...
         Starting Login Service...
[[0;32m  OK  [0m] Started FUSE filesystem for LXC.
         Starting LSB: Record successful boot for GRUB...
         Starting LSB: MD monitoring daemon...
         Starting Accounts Service...
         Starting MySQL Community Server...
         Starting LXD - container startup/shutdown...
         Starting System Logging Service...
         Starting Snappy daemon...
[[0;32m  OK  [0m] Started /etc/rc.local Compatibility.
[[0;32m  OK  [0m] Started Login Service.
[[0;32m  OK  [0m] Started Unattended Upgrades Shutdown.
[[0;32m  OK  [0m] Started System Logging Service.
[[0;32m  OK  [0m] Started LSB: MD monitoring daemon.
[[0;32m  OK  [0m] Started Login to default iSCSI targets.
[[0;32m  OK  [0m] Reached target Remote File Systems (Pre).
[[0;32m  OK  [0m] Reached target Remote File Systems.
         Starting LSB: automatic crash report generation...
         Starting LSB: daemon to balance interrupts for SMP systems...
         Starting LSB: Apache2 web server...
         Starting Permit User Sessions...
         Starting LSB: Set the CPU Frequency Scaling governor to "ondemand"...
[[0;32m  OK  [0m] Started Permit User Sessions.
[[0;32m  OK  [0m] Started OpenBSD Secure Shell server.
[[0;32m  OK  [0m] Started LSB: Record successful boot for GRUB.
         Starting Authenticate and Authorize Users to Run Privileged Tasks...
         Starting Hold until boot process finishes up...
         Starting Terminate Plymouth Boot Screen...
[[0;32m  OK  [0m] Started LSB: daemon to balance interrupts for SMP systems.
[[0;32m  OK  [0m] Started LSB: Set the CPU Frequency Scaling governor to "ondemand".
[[0;32m  OK  [0m] Started Terminate Plymouth Boot Screen.
[[0;32m  OK  [0m] Started Hold until boot process finishes up.
[[0;32m  OK  [0m] Started LXD - container startup/shutdown.
[[0;32m  OK  [0m] Started LSB: automatic crash report generation.
[[0;32m  OK  [0m] Started Serial Getty on ttyS0.
[[0;32m  OK  [0m] Started Getty on tty1.
[[0;32m  OK  [0m] Reached target Login Prompts.
         Starting Set console scheme...
[[0;32m  OK  [0m] Started Authenticate and Authorize Users to Run Privileged Tasks.
[[0;32m  OK  [0m] Started Set console scheme.
[[0;32m  OK  [0m] Started Accounts Service.
[[0;32m  OK  [0m] Started Virtualbox guest utils.
[[0;32m  OK  [0m] Started Snappy daemon.
         Starting Wait until snapd is fully seeded...
[[0;32m  OK  [0m] Started Wait until snapd is fully seeded.
         Starting Apply the settings specified in cloud-config...
[    9.617858] cloud-init[1375]: Cloud-init v. 19.2-36-g059d049c-0ubuntu1~16.04.1 running 'modules:config' at Wed, 16 Oct 2019 20:03:25 +0000. Up 9.53 seconds.
[[0;32m  OK  [0m] Started Apply the settings specified in cloud-config.
[[0;32m  OK  [0m] Started MySQL Community Server.
[[0;32m  OK  [0m] Started LSB: Apache2 web server.
[[0;32m  OK  [0m] Reached target Multi-User System.
[[0;32m  OK  [0m] Reached target Graphical Interface.
         Starting Execute cloud user/final scripts...
         Starting Update UTMP about System Runlevel Changes...
[[0;32m  OK  [0m] Started Update UTMP about System Runlevel Changes.
[   10.618400] cloud-init[1431]: Cloud-init v. 19.2-36-g059d049c-0ubuntu1~16.04.1 running 'modules:final' at Wed, 16 Oct 2019 20:03:26 +0000. Up 10.52 seconds.
[   10.624928] cloud-init[1431]: Cloud-init v. 19.2-36-g059d049c-0ubuntu1~16.04.1 finished at Wed, 16 Oct 2019 20:03:26 +0000. Datasource DataSourceNoCloud [seed=/dev/sdb][dsmode=net].  Up 10.61 seconds
[[0;32m  OK  [0m] Started Execute cloud user/final scripts.
[[0;32m  OK  [0m] Reached target Cloud-init target.
         Starting Daily apt download activities...
[[0;32m  OK  [0m] Created slice User Slice of vagrant.
         Starting User Manager for UID 1000...
[[0;32m  OK  [0m] Started Session 1 of user vagrant.
[[0;32m  OK  [0m] Started User Manager for UID 1000.

Ubuntu 16.04.6 LTS ubuntu-xenial ttyS0

ubuntu-xenial login: 