[    0.000000] Initializing cgroup subsys cpuset
[    0.000000] Initializing cgroup subsys cpu
[    0.000000] Initializing cgroup subsys cpuacct
[    0.000000] Linux version 4.4.0-164-generic (buildd@lgw01-amd64-021) (gcc version 5.4.0 20160609 (Ubuntu 5.4.0-6ubuntu1~16.04.10) ) #192-Ubuntu SMP Fri Sep 13 12:02:50 UTC 2019 (Ubuntu 4.4.0-164.192-generic 4.4.186)
[    0.000000] Command line: BOOT_IMAGE=/boot/vmlinuz-4.4.0-164-generic root=LABEL=cloudimg-rootfs ro console=tty1 console=ttyS0
[    0.000000] KERNEL supported cpus:
[    0.000000]   Intel GenuineIntel
[    0.000000]   AMD AuthenticAMD
[    0.000000]   Centaur CentaurHauls
[    0.000000] x86/fpu: xstate_offset[2]:  576, xstate_sizes[2]:  256
[    0.000000] x86/fpu: Supporting XSAVE feature 0x01: 'x87 floating point registers'
[    0.000000] x86/fpu: Supporting XSAVE feature 0x02: 'SSE registers'
[    0.000000] x86/fpu: Supporting XSAVE feature 0x04: 'AVX registers'
[    0.000000] x86/fpu: Enabled xstate features 0x7, context size is 832 bytes, using 'standard' format.
[    0.000000] e820: BIOS-provided physical RAM map:
[    0.000000] BIOS-e820: [mem 0x0000000000000000-0x000000000009fbff] usable
[    0.000000] BIOS-e820: [mem 0x000000000009fc00-0x000000000009ffff] reserved
[    0.000000] BIOS-e820: [mem 0x00000000000f0000-0x00000000000fffff] reserved
[    0.000000] BIOS-e820: [mem 0x0000000000100000-0x000000003ffeffff] usable
[    0.000000] BIOS-e820: [mem 0x000000003fff0000-0x000000003fffffff] ACPI data
[    0.000000] BIOS-e820: [mem 0x00000000fec00000-0x00000000fec00fff] reserved
[    0.000000] BIOS-e820: [mem 0x00000000fee00000-0x00000000fee00fff] reserved
[    0.000000] BIOS-e820: [mem 0x00000000fffc0000-0x00000000ffffffff] reserved
[    0.000000] NX (Execute Disable) protection: active
[    0.000000] SMBIOS 2.5 present.
[    0.000000] Hypervisor detected: KVM
[    0.000000] e820: last_pfn = 0x3fff0 max_arch_pfn = 0x400000000
[    0.000000] MTRR: Disabled
[    0.000000] x86/PAT: MTRRs disabled, skipping PAT initialization too.
[    0.000000] CPU MTRRs all blank - virtualized system.
[    0.000000] x86/PAT: Configuration [0-7]: WB  WT  UC- UC  WB  WT  UC- UC  
[    0.000000] found SMP MP-table at [mem 0x0009fff0-0x0009ffff] mapped at [ffff88000009fff0]
[    0.000000] Scanning 1 areas for low memory corruption
[    0.000000] RAMDISK: [mem 0x361e4000-0x370e9fff]
[    0.000000] ACPI: Early table checksum verification disabled
[    0.000000] ACPI: RSDP 0x00000000000E0000 000024 (v02 VBOX  )
[    0.000000] ACPI: XSDT 0x000000003FFF0030 00003C (v01 VBOX   VBOXXSDT 00000001 ASL  00000061)
[    0.000000] ACPI: FACP 0x000000003FFF00F0 0000F4 (v04 VBOX   VBOXFACP 00000001 ASL  00000061)
[    0.000000] ACPI: DSDT 0x000000003FFF0470 0022EA (v02 VBOX   VBOXBIOS 00000002 INTL 20100528)
[    0.000000] ACPI: FACS 0x000000003FFF0200 000040
[    0.000000] ACPI: FACS 0x000000003FFF0200 000040
[    0.000000] ACPI: APIC 0x000000003FFF0240 00005C (v02 VBOX   VBOXAPIC 00000001 ASL  00000061)
[    0.000000] ACPI: SSDT 0x000000003FFF02A0 0001CC (v01 VBOX   VBOXCPUT 00000002 INTL 20100528)
[    0.000000] No NUMA configuration found
[    0.000000] Faking a node at [mem 0x0000000000000000-0x000000003ffeffff]
[    0.000000] NODE_DATA(0) allocated [mem 0x3ffeb000-0x3ffeffff]
[    0.000000] kvm-clock: Using msrs 4b564d01 and 4b564d00
[    0.000000] kvm-clock: cpu 0, msr 0:3ffe3001, primary cpu clock
[    0.000000] kvm-clock: using sched offset of 3337133494 cycles
[    0.000000] clocksource: kvm-clock: mask: 0xffffffffffffffff max_cycles: 0x1cd42e4dffb, max_idle_ns: 881590591483 ns
[    0.000000] Zone ranges:
[    0.000000]   DMA      [mem 0x0000000000001000-0x0000000000ffffff]
[    0.000000]   DMA32    [mem 0x0000000001000000-0x000000003ffeffff]
[    0.000000]   Normal   empty
[    0.000000]   Device   empty
[    0.000000] Movable zone start for each node
[    0.000000] Early memory node ranges
[    0.000000]   node   0: [mem 0x0000000000001000-0x000000000009efff]
[    0.000000]   node   0: [mem 0x0000000000100000-0x000000003ffeffff]
[    0.000000] Initmem setup node 0 [mem 0x0000000000001000-0x000000003ffeffff]
[    0.000000] ACPI: PM-Timer IO Port: 0x4008
[    0.000000] IOAPIC[0]: apic_id 2, version 32, address 0xfec00000, GSI 0-23
[    0.000000] ACPI: INT_SRC_OVR (bus 0 bus_irq 0 global_irq 2 dfl dfl)
[    0.000000] ACPI: INT_SRC_OVR (bus 0 bus_irq 9 global_irq 9 low level)
[    0.000000] Using ACPI (MADT) for SMP configuration information
[    0.000000] smpboot: Allowing 2 CPUs, 0 hotplug CPUs
[    0.000000] PM: Registered nosave memory: [mem 0x00000000-0x00000fff]
[    0.000000] PM: Registered nosave memory: [mem 0x0009f000-0x0009ffff]
[    0.000000] PM: Registered nosave memory: [mem 0x000a0000-0x000effff]
[    0.000000] PM: Registered nosave memory: [mem 0x000f0000-0x000fffff]
[    0.000000] e820: [mem 0x40000000-0xfebfffff] available for PCI devices
[    0.000000] Booting paravirtualized kernel on KVM
[    0.000000] clocksource: refined-jiffies: mask: 0xffffffff max_cycles: 0xffffffff, max_idle_ns: 7645519600211568 ns
[    0.000000] setup_percpu: NR_CPUS:512 nr_cpumask_bits:512 nr_cpu_ids:2 nr_node_ids:1
[    0.000000] PERCPU: Embedded 34 pages/cpu @ffff88003fc00000 s99544 r8192 d31528 u1048576
[    0.000000] Built 1 zonelists in Node order, mobility grouping on.  Total pages: 257912
[    0.000000] Policy zone: DMA32
[    0.000000] Kernel command line: BOOT_IMAGE=/boot/vmlinuz-4.4.0-164-generic root=LABEL=cloudimg-rootfs ro console=tty1 console=ttyS0
[    0.000000] PID hash table entries: 4096 (order: 3, 32768 bytes)
[    0.000000] Memory: 997172K/1048120K available (8622K kernel code, 1335K rwdata, 4032K rodata, 1488K init, 1284K bss, 50948K reserved, 0K cma-reserved)
[    0.000000] SLUB: HWalign=64, Order=0-3, MinObjects=0, CPUs=2, Nodes=1
[    0.000000] Kernel/User page tables isolation: enabled
[    0.000000] Hierarchical RCU implementation.
[    0.000000] 	Build-time adjustment of leaf fanout to 64.
[    0.000000] 	RCU restricting CPUs from NR_CPUS=512 to nr_cpu_ids=2.
[    0.000000] RCU: Adjusting geometry for rcu_fanout_leaf=64, nr_cpu_ids=2
[    0.000000] NR_IRQS:33024 nr_irqs:440 16
[    0.000000] Console: colour VGA+ 80x25
[    0.000000] console [tty1] enabled
[    0.000000] console [ttyS0] enabled
[    0.000000] tsc: Detected 2194.918 MHz processor
[    0.157578] Calibrating delay loop (skipped) preset value.. 4389.83 BogoMIPS (lpj=8779672)
[    0.159386] pid_max: default: 32768 minimum: 301
[    0.160408] ACPI: Core revision 20150930
[    0.162061] ACPI: 2 ACPI AML tables successfully acquired and loaded
[    0.163450] Security Framework initialized
[    0.164405] Yama: becoming mindful.
[    0.165279] AppArmor: AppArmor initialized
[    0.166228] Dentry cache hash table entries: 131072 (order: 8, 1048576 bytes)
[    0.169400] Inode-cache hash table entries: 65536 (order: 7, 524288 bytes)
[    0.170861] Mount-cache hash table entries: 2048 (order: 2, 16384 bytes)
[    0.172355] Mountpoint-cache hash table entries: 2048 (order: 2, 16384 bytes)
[    0.174075] Initializing cgroup subsys io
[    0.174985] Initializing cgroup subsys memory
[    0.175954] Initializing cgroup subsys devices
[    0.176951] Initializing cgroup subsys freezer
[    0.177991] Initializing cgroup subsys net_cls
[    0.179131] Initializing cgroup subsys perf_event
[    0.180213] Initializing cgroup subsys net_prio
[    0.181357] Initializing cgroup subsys hugetlb
[    0.182346] Initializing cgroup subsys pids
[    0.184123] mce: CPU supports 0 MCE banks
[    0.185074] Last level iTLB entries: 4KB 1024, 2MB 1024, 4MB 1024
[    0.186328] Last level dTLB entries: 4KB 1024, 2MB 1024, 4MB 1024, 1GB 4
[    0.187716] Spectre V1 : Mitigation: usercopy/swapgs barriers and __user pointer sanitization
[    0.189657] Spectre V2 : Mitigation: Full generic retpoline
[    0.191019] Spectre V2 : Spectre v2 / SpectreRSB mitigation: Filling RSB on context switch
[    0.192753] Speculative Store Bypass: Vulnerable
[    0.193847] MDS: Mitigation: Clear CPU buffers
[    0.197536] Freeing SMP alternatives memory: 36K
[    0.205263] ftrace: allocating 32318 entries in 127 pages
[    0.259980] smpboot: APIC(0) Converting physical 0 to logical package 0
[    0.261481] smpboot: Max logical packages: 1
[    0.262797] x2apic enabled
[    0.263716] Switched APIC routing to physical x2apic.
[    0.265883] ..TIMER: vector=0x30 apic1=0 pin1=2 apic2=-1 pin2=-1
[    0.373015] smpboot: CPU0: Intel(R) Core(TM) i7-4770HQ CPU @ 2.20GHz (family: 0x6, model: 0x46, stepping: 0x1)
[    0.375369] Performance Events: unsupported p6 CPU model 70 no PMU driver, software events only.
[    0.387398] KVM setup paravirtual spinlock
[    0.388954] x86: Booting SMP configuration:
[    0.389978] .... node  #0, CPUs:      #1
[    0.391045] kvm-clock: cpu 1, msr 0:3ffe3041, secondary cpu clock
[    0.392947] mce: CPU supports 0 MCE banks
[    0.395695] x86: Booted up 1 node, 2 CPUs
[    0.396821] smpboot: Total of 2 processors activated (8779.67 BogoMIPS)
[    0.398788] devtmpfs: initialized
[    0.401433] evm: security.selinux
[    0.402250] evm: security.SMACK64
[    0.403062] evm: security.SMACK64EXEC
[    0.403968] evm: security.SMACK64TRANSMUTE
[    0.404964] evm: security.SMACK64MMAP
[    0.405881] evm: security.ima
[    0.406639] evm: security.capability
[    0.407777] clocksource: jiffies: mask: 0xffffffff max_cycles: 0xffffffff, max_idle_ns: 7645041785100000 ns
[    0.409973] futex hash table entries: 512 (order: 3, 32768 bytes)
[    0.411453] pinctrl core: initialized pinctrl subsystem
[    0.412767] RTC time: 22:32:26, date: 10/04/19
[    0.414105] NET: Registered protocol family 16
[    0.425503] cpuidle: using governor ladder
[    0.438283] cpuidle: using governor menu
[    0.439716] PCCT header not found.
[    0.441097] ACPI: bus type PCI registered
[    0.442310] acpiphp: ACPI Hot Plug PCI Controller Driver version: 0.5
[    0.444175] PCI: Using configuration type 1 for base access
[    0.458727] ACPI: Added _OSI(Module Device)
[    0.460651] ACPI: Added _OSI(Processor Device)
[    0.462200] ACPI: Added _OSI(3.0 _SCP Extensions)
[    0.463720] ACPI: Added _OSI(Processor Aggregator Device)
[    0.466312] ACPI: Executed 1 blocks of module-level executable AML code
[    0.470354] ACPI: Interpreter enabled
[    0.471300] ACPI: (supports S0 S5)
[    0.472196] ACPI: Using IOAPIC for interrupt routing
[    0.473531] PCI: Using host bridge windows from ACPI; if necessary, use "pci=nocrs" and report a bug
[    0.479416] ACPI: PCI Root Bridge [PCI0] (domain 0000 [bus 00-ff])
[    0.480898] acpi PNP0A03:00: _OSC: OS supports [ASPM ClockPM Segments MSI]
[    0.482598] acpi PNP0A03:00: _OSC: not requesting OS control; OS requires [ExtendedConfig ASPM ClockPM MSI]
[    0.484822] acpi PNP0A03:00: fail to add MMCONFIG information, can't access extended PCI configuration space under this bridge.
[    0.487563] PCI host bridge to bus 0000:00
[    0.488511] pci_bus 0000:00: root bus resource [io  0x0000-0x0cf7 window]
[    0.490463] pci_bus 0000:00: root bus resource [io  0x0d00-0xffff window]
[    0.492279] pci_bus 0000:00: root bus resource [mem 0x000a0000-0x000bffff window]
[    0.494113] pci_bus 0000:00: root bus resource [mem 0x40000000-0xfdffffff window]
[    0.497075] pci_bus 0000:00: root bus resource [bus 00-ff]
[    0.504814] pci 0000:00:01.1: legacy IDE quirk: reg 0x10: [io  0x01f0-0x01f7]
[    0.508115] pci 0000:00:01.1: legacy IDE quirk: reg 0x14: [io  0x03f6]
[    0.510607] pci 0000:00:01.1: legacy IDE quirk: reg 0x18: [io  0x0170-0x0177]
[    0.512466] pci 0000:00:01.1: legacy IDE quirk: reg 0x1c: [io  0x0376]
[    0.537140] pci 0000:00:07.0: quirk: [io  0x4000-0x403f] claimed by PIIX4 ACPI
[    0.538852] pci 0000:00:07.0: quirk: [io  0x4100-0x410f] claimed by PIIX4 SMB
[    0.548077] ACPI: PCI Interrupt Link [LNKA] (IRQs 5 9 10 *11)
[    0.550010] ACPI: PCI Interrupt Link [LNKB] (IRQs 5 9 *10 11)
[    0.552138] ACPI: PCI Interrupt Link [LNKC] (IRQs 5 *9 10 11)
[    0.553849] ACPI: PCI Interrupt Link [LNKD] (IRQs 5 9 10 *11)
[    0.555794] ACPI: Enabled 2 GPEs in block 00 to 07
[    0.557367] vgaarb: setting as boot device: PCI:0000:00:02.0
[    0.558594] vgaarb: device added: PCI:0000:00:02.0,decodes=io+mem,owns=io+mem,locks=none
[    0.560395] vgaarb: loaded
[    0.561382] vgaarb: bridge control possible 0000:00:02.0
[    0.562720] SCSI subsystem initialized
[    0.563744] ACPI: bus type USB registered
[    0.564694] usbcore: registered new interface driver usbfs
[    0.566073] usbcore: registered new interface driver hub
[    0.567486] usbcore: registered new device driver usb
[    0.569122] PCI: Using ACPI for IRQ routing
[    0.570605] NetLabel: Initializing
[    0.571498] NetLabel:  domain hash size = 128
[    0.572530] NetLabel:  protocols = UNLABELED CIPSOv4
[    0.574991] NetLabel:  unlabeled traffic allowed by default
[    0.576434] amd_nb: Cannot enumerate AMD northbridges
[    0.577674] clocksource: Switched to clocksource kvm-clock
[    0.586556] AppArmor: AppArmor Filesystem Enabled
[    0.587795] pnp: PnP ACPI init
[    0.589615] pnp: PnP ACPI: found 3 devices
[    0.600138] clocksource: acpi_pm: mask: 0xffffff max_cycles: 0xffffff, max_idle_ns: 2085701024 ns
[    0.602180] NET: Registered protocol family 2
[    0.603336] TCP established hash table entries: 8192 (order: 4, 65536 bytes)
[    0.604861] TCP bind hash table entries: 8192 (order: 5, 131072 bytes)
[    0.606469] TCP: Hash tables configured (established 8192 bind 8192)
[    0.607878] UDP hash table entries: 512 (order: 2, 16384 bytes)
[    0.609163] UDP-Lite hash table entries: 512 (order: 2, 16384 bytes)
[    0.610581] NET: Registered protocol family 1
[    0.611664] pci 0000:00:00.0: Limiting direct PCI/PCI transfers
[    0.612930] pci 0000:00:01.0: Activating ISA DMA hang workarounds
[    0.614376] Unpacking initramfs...
[    0.832412] Freeing initrd memory: 15384K
[    0.833546] clocksource: tsc: mask: 0xffffffffffffffff max_cycles: 0x1fa37202099, max_idle_ns: 440795206796 ns
[    0.835987] platform rtc_cmos: registered platform RTC device (no PNP device found)
[    0.837888] Scanning for low memory corruption every 60 seconds
[    0.839699] audit: initializing netlink subsys (disabled)
[    0.840890] audit: type=2000 audit(1570228351.432:1): initialized
[    0.842563] Initialise system trusted keyring
[    0.843824] HugeTLB registered 2 MB page size, pre-allocated 0 pages
[    0.846351] zbud: loaded
[    0.847414] VFS: Disk quotas dquot_6.6.0
[    0.848391] VFS: Dquot-cache hash table entries: 512 (order 0, 4096 bytes)
[    0.850163] squashfs: version 4.0 (2009/01/31) Phillip Lougher
[    0.851889] fuse init (API version 7.23)
[    0.853151] Key type big_key registered
[    0.854248] Allocating IMA MOK and blacklist keyrings.
[    0.856631] Key type asymmetric registered
[    0.857622] Asymmetric key parser 'x509' registered
[    0.858772] Block layer SCSI generic (bsg) driver version 0.4 loaded (major 249)
[    0.860530] io scheduler noop registered
[    0.861503] io scheduler deadline registered (default)
[    0.862752] io scheduler cfq registered
[    0.863718] pci_hotplug: PCI Hot Plug PCI Core version: 0.5
[    0.864905] pciehp: PCI Express Hot Plug Controller Driver version: 0.4
[    0.866725] ACPI: AC Adapter [AC] (off-line)
[    0.867778] input: Power Button as /devices/LNXSYSTM:00/LNXPWRBN:00/input/input0
[    0.869464] ACPI: Power Button [PWRF]
[    0.870591] input: Sleep Button as /devices/LNXSYSTM:00/LNXSLPBN:00/input/input1
[    0.872361] ACPI: Sleep Button [SLPF]
[    0.873527] GHES: HEST is not enabled!
[    0.874544] ACPI: Battery Slot [BAT0] (battery present)
[    0.875990] Serial: 8250/16550 driver, 32 ports, IRQ sharing enabled
[    0.898039] 00:02: ttyS0 at I/O 0x3f8 (irq = 4, base_baud = 115200) is a 16550A
[    0.903845] Linux agpgart interface v0.103
[    0.907811] loop: module loaded
[    0.909161] scsi host0: ata_piix
[    0.910195] scsi host1: ata_piix
[    0.911058] ata1: PATA max UDMA/33 cmd 0x1f0 ctl 0x3f6 bmdma 0xd000 irq 14
[    0.912390] ata2: PATA max UDMA/33 cmd 0x170 ctl 0x376 bmdma 0xd008 irq 15
[    0.913841] libphy: Fixed MDIO Bus: probed
[    0.914886] tun: Universal TUN/TAP device driver, 1.6
[    0.916092] tun: (C) 1999-2004 Max Krasnyansky <maxk@qualcomm.com>
[    0.918158] PPP generic driver version 2.4.2
[    0.919279] ehci_hcd: USB 2.0 'Enhanced' Host Controller (EHCI) Driver
[    0.920645] ehci-pci: EHCI PCI platform driver
[    0.922074] ehci-platform: EHCI generic platform driver
[    0.923392] ohci_hcd: USB 1.1 'Open' Host Controller (OHCI) Driver
[    0.924853] ohci-pci: OHCI PCI platform driver
[    0.925909] ohci-platform: OHCI generic platform driver
[    0.927209] uhci_hcd: USB Universal Host Controller Interface driver
[    0.929217] i8042: PNP: PS/2 Controller [PNP0303:PS2K,PNP0f03:PS2M] at 0x60,0x64 irq 1,12
[    0.933662] serio: i8042 KBD port at 0x60,0x64 irq 1
[    0.935576] serio: i8042 AUX port at 0x60,0x64 irq 12
[    0.937218] mousedev: PS/2 mouse device common for all mice
[    0.939008] input: AT Translated Set 2 keyboard as /devices/platform/i8042/serio0/input/input2
[    0.941722] rtc_cmos rtc_cmos: rtc core: registered rtc_cmos as rtc0
[    0.943304] rtc_cmos rtc_cmos: alarms up to one day, 114 bytes nvram
[    0.945044] i2c /dev entries driver
[    0.946077] device-mapper: uevent: version 1.0.3
[    0.947365] device-mapper: ioctl: 4.34.0-ioctl (2015-10-28) initialised: dm-devel@redhat.com
[    0.949285] ledtrig-cpu: registered to indicate activity on CPUs
[    0.951297] NET: Registered protocol family 10
[    0.952538] NET: Registered protocol family 17
[    0.953625] Key type dns_resolver registered
[    0.955356] registered taskstats version 1
[    0.956378] Loading compiled-in X.509 certificates
[    0.958088] Loaded X.509 cert 'Build time autogenerated kernel key: 24ad63d1d4c33254da6414eafe38a3477ac7de99'
[    0.960332] zswap: loaded using pool lzo/zbud
[    0.963408] Key type trusted registered
[    0.967509] Key type encrypted registered
[    0.968431] AppArmor: AppArmor sha1 policy hashing enabled
[    0.969616] ima: No TPM chip found, activating TPM-bypass!
[    0.971194] ima: Allocated hash algorithm: sha1
[    0.972233] evm: HMAC attrs: 0x1
[    0.973414]   Magic number: 7:138:552
[    0.974357] tty ttyS28: hash matches
[    0.975253] acpi PNP0C0F:03: hash matches
[    0.976244] rtc_cmos rtc_cmos: setting system clock to 2019-10-04 22:32:27 UTC (1570228347)
[    0.978229] BIOS EDD facility v0.16 2004-Jun-25, 0 devices found
[    0.979498] EDD information not available.
[    1.071593] Freeing unused kernel memory: 1488K
[    1.073473] Write protecting the kernel read-only data: 14336k
[    1.077806] Freeing unused kernel memory: 1608K
[    1.081490] Freeing unused kernel memory: 64K
Loading, please wait...
starting version 229
[    1.103884] random: systemd-udevd: uninitialized urandom read (16 bytes read, 2 bits of entropy available)
[    1.104868] random: udevadm: uninitialized urandom read (16 bytes read, 2 bits of entropy available)
[    1.104892] random: udevadm: uninitialized urandom read (16 bytes read, 2 bits of entropy available)
[    1.115909] random: systemd-udevd: uninitialized urandom read (16 bytes read, 2 bits of entropy available)
[    1.120157] random: systemd-udevd: uninitialized urandom read (16 bytes read, 2 bits of entropy available)
[    1.124572] random: udevadm: uninitialized urandom read (16 bytes read, 2 bits of entropy available)
[    1.124636] random: udevadm: uninitialized urandom read (16 bytes read, 2 bits of entropy available)
[    1.124904] random: udevadm: uninitialized urandom read (16 bytes read, 2 bits of entropy available)
[    1.125041] random: udevadm: uninitialized urandom read (16 bytes read, 2 bits of entropy available)
[    1.125202] random: udevadm: uninitialized urandom read (16 bytes read, 2 bits of entropy available)
[    1.214095] e1000: Intel(R) PRO/1000 Network Driver - version 7.3.21-k8-NAPI
[    1.216296] e1000: Copyright (c) 1999-2006 Intel Corporation.
[    1.225371] Fusion MPT base driver 3.04.20
[    1.227094] Copyright (c) 1999-2008 LSI Corporation
[    1.245044] AVX2 version of gcm_enc/dec engaged.
[    1.249129] AES CTR mode by8 optimization enabled
[    1.254551] Fusion MPT SPI Host driver 3.04.20
[    1.431043] input: ImExPS/2 Generic Explorer Mouse as /devices/platform/i8042/serio1/input/input4
[    1.670312] e1000 0000:00:03.0 eth0: (PCI:33MHz:32-bit) 02:af:57:b2:64:eb
[    1.672074] e1000 0000:00:03.0 eth0: Intel(R) PRO/1000 Network Connection
[    2.099193] e1000 0000:00:08.0 eth1: (PCI:33MHz:32-bit) 08:00:27:2d:ef:18
[    2.100736] e1000 0000:00:08.0 eth1: Intel(R) PRO/1000 Network Connection
[    2.103522] e1000 0000:00:03.0 enp0s3: renamed from eth0
[    2.104981] mptbase: ioc0: Initiating bringup
[    2.114408] e1000 0000:00:08.0 enp0s8: renamed from eth1
[    2.177099] ioc0: LSI53C1030 A0: Capabilities={Initiator}
[    3.524908] scsi host2: ioc0: LSI53C1030 A0, FwRev=00000000h, Ports=1, MaxQ=256, IRQ=20
[    4.377961] scsi 2:0:0:0: Direct-Access     VBOX     HARDDISK         1.0  PQ: 0 ANSI: 5
[    4.381369] scsi target2:0:0: Beginning Domain Validation
[    4.385445] scsi target2:0:0: Domain Validation skipping write tests
[    4.387101] scsi target2:0:0: Ending Domain Validation
[    4.388671] scsi target2:0:0: asynchronous
[    4.390566] scsi 2:0:1:0: Direct-Access     VBOX     HARDDISK         1.0  PQ: 0 ANSI: 5
[    4.401719] scsi target2:0:1: Beginning Domain Validation
[    4.405004] scsi target2:0:1: Domain Validation skipping write tests
[    4.406313] scsi target2:0:1: Ending Domain Validation
[    4.407414] scsi target2:0:1: asynchronous
[    4.413437] sd 2:0:0:0: [sda] 20971520 512-byte logical blocks: (10.7 GB/10.0 GiB)
[    4.413598] sd 2:0:0:0: Attached scsi generic sg0 type 0
[    4.413991] sd 2:0:1:0: Attached scsi generic sg1 type 0
[    4.414211] sd 2:0:1:0: [sdb] 20480 512-byte logical blocks: (10.5 MB/10.0 MiB)
[    4.414408] sd 2:0:1:0: [sdb] Write Protect is off
[    4.414569] sd 2:0:1:0: [sdb] Incomplete mode parameter data
[    4.414571] sd 2:0:1:0: [sdb] Assuming drive cache: write through
[    4.419086] sd 2:0:1:0: [sdb] Attached SCSI disk
[    4.425928] sd 2:0:0:0: [sda] Write Protect is off
[    4.427311] sd 2:0:0:0: [sda] Incomplete mode parameter data
[    4.428645] sd 2:0:0:0: [sda] Assuming drive cache: write through
[    4.431579]  sda: sda1
[    4.433227] sd 2:0:0:0: [sda] Attached SCSI disk
Begin: Loading essential drivers ... [    5.738286] md: linear personality registered for level -1
[    5.742072] md: multipath personality registered for level -4
[    5.745660] md: raid0 personality registered for level 0
[    5.750937] md: raid1 personality registered for level 1
[    5.821892] raid6: sse2x1   gen()  9930 MB/s
[    5.889832] raid6: sse2x1   xor()  7585 MB/s
[    5.957693] raid6: sse2x2   gen() 12505 MB/s
[    6.026218] raid6: sse2x2   xor()  8084 MB/s
[    6.093823] raid6: sse2x4   gen() 14981 MB/s
[    6.161687] raid6: sse2x4   xor() 10697 MB/s
[    6.229832] raid6: avx2x1   gen() 18485 MB/s
[    6.297850] raid6: avx2x2   gen() 19391 MB/s
[    6.365874] raid6: avx2x4   gen() 22902 MB/s
[    6.366851] raid6: using algorithm avx2x4 gen() 22902 MB/s
[    6.368085] raid6: using avx2x2 recovery algorithm
[    6.370578] xor: automatically using best checksumming function:
[    6.411168]    avx       : 35846.000 MB/sec
[    6.413466] async_tx: api initialized (async)
[    6.425060] md: raid6 personality registered for level 6
[    6.426296] md: raid5 personality registered for level 5
[    6.427461] md: raid4 personality registered for level 4
[    6.435327] md: raid10 personality registered for level 10
done.
Begin: Running /scripts/init-premount ... done.
Begin: Mounting root file system ... Begin: Running /scripts/local-top ... done.
Begin: Running /scripts/local-premount ... [    6.466032] Btrfs loaded
Scanning for Btrfs filesystems
done.
Warning: fsck not present, so skipping root file system
[    6.498339] EXT4-fs (sda1): mounted filesystem with ordered data mode. Opts: (null)
done.
Begin: Running /scripts/local-bottom ... done.
Begin: Running /scripts/init-bottom ... done.
[    6.587315] systemd[1]: systemd 229 running in system mode. (+PAM +AUDIT +SELINUX +IMA +APPARMOR +SMACK +SYSVINIT +UTMP +LIBCRYPTSETUP +GCRYPT +GNUTLS +ACL +XZ -LZ4 +SECCOMP +BLKID +ELFUTILS +KMOD -IDN)
[    6.591261] systemd[1]: Detected virtualization oracle.
[    6.592439] systemd[1]: Detected architecture x86-64.

Welcome to [1mUbuntu 16.04.6 LTS[0m!

[    6.596559] systemd[1]: Set hostname to <ubuntu-xenial>.
[    6.745120] systemd[1]: Reached target User and Group Name Lookups.
[[0;32m  OK  [0m] Reached target User and Group Name Lookups.
[    6.747589] systemd[1]: Set up automount Arbitrary Executable File Formats File System Automount Point.
[[0;32m  OK  [0m] Set up automount Arbitrary Executab...ats File System Automount Point.
[    6.750577] systemd[1]: Listening on Journal Socket.
[[0;32m  OK  [0m] Listening on Journal Socket.
[    6.758860] systemd[1]: Started Trigger resolvconf update for networkd DNS.
[[0;32m  OK  [0m] Started Trigger resolvconf update for networkd DNS.
[    6.762799] systemd[1]: Listening on Device-mapper event daemon FIFOs.
[[0;32m  OK  [0m] Listening on Device-mapper event daemon FIFOs.
[    6.766152] systemd[1]: Created slice System Slice.
[[0;32m  OK  [0m] Created slice System Slice.
[    6.774461] systemd[1]: Created slice system-serial\x2dgetty.slice.
[[0;32m  OK  [0m] Created slice system-serial\x2dgetty.slice.
[    6.777265] systemd[1]: Listening on udev Control Socket.
[[0;32m  OK  [0m] Listening on udev Control Socket.
[    6.790199] systemd[1]: Mounting Debug File System...
         Mounting Debug File System...
[    6.793357] systemd[1]: Created slice User and Session Slice.
[[0;32m  OK  [0m] Created slice User and Session Slice.
[    6.796218] systemd[1]: Reached target Slices.
[[0;32m  OK  [0m] Reached target Slices.
[    6.799219] systemd[1]: Starting Remount Root and Kernel File Systems...
         Starting Remount Root and Kernel File Systems...
[    6.801980] systemd[1]: Started Forward Password Requests to Wall Directory Watch.
[    6.803596] EXT4-fs (sda1): re-mounted. Opts: (null)
[[0;32m  OK  [0m] Started Forward Password Requests to Wall Directory Watch.
[    6.812794] systemd[1]: Starting Load Kernel Modules...
         Starting Load Kernel Modules...
[    6.815284] systemd[1]: Listening on LVM2 metadata daemon socket.
[[0;32m  OK  [0m] Listening on LVM2 metadata daemon socket.
[    6.821201] Loading iSCSI transport class v2.0-870.
[    6.824460] systemd[1]: Starting Monitoring of LVM2 mirrors, snapshots etc. using dmeventd or progress polling...
         Starting Monitoring of LVM2 mirrors... dmeventd or progress polling...
[    6.830824] iscsi: registered transport (tcp)
[    6.834002] systemd[1]: Listening on udev Kernel Socket.
[[0;32m  OK  [0m] Listening on udev Kernel Socket.
[    6.836284] systemd[1]: Listening on /dev/initctl Compatibility Named Pipe.
[[0;32m  OK  [0m] Listening on /dev/initctl Compatibility Named Pipe.
[    6.840371] systemd[1]: Starting Uncomplicated firewall...
         Starting Uncomplicated firewall...
[    6.842657] systemd[1]: Listening on Journal Socket (/dev/log).
[[0;32m  OK  [0m] Listening on Journal Socket (/dev/log).
[    6.853965] systemd[1]: Listening on Syslog Socket.
[[0;32m  OK  [0m] Listening on Syslog Socket.
[    6.855896] systemd[1]: Reached target Swap.
[[0;32m  OK  [0m] Reached target Swap.
[    6.860399] iscsi: registered transport (iser)
[    6.874518] systemd[1]: Mounting Huge Pages File System...
         Mounting Huge Pages File System...
[    6.877941] systemd[1]: Reached target Encrypted Volumes.
[[0;32m  OK  [0m] Reached target Encrypted Volumes.
[    6.881614] systemd[1]: Starting Nameserver information manager...
         Starting Nameserver information manager...
[    6.891438] systemd[1]: Starting Set console keymap...
         Starting Set console keymap...
[    6.905860] systemd[1]: Reached target System Time Synchronized.
[[0;32m  OK  [0m] Reached target System Time Synchronized.
[    6.907950] systemd[1]: Listening on Journal Audit Socket.
[[0;32m  OK  [0m] Listening on Journal Audit Socket.
[    6.930844] systemd[1]: Starting Journal Service...
         Starting Journal Service...
[    6.946711] systemd[1]: Starting Create list of required static device nodes for the current kernel...
         Starting Create list of required st... nodes for the current kernel...
[    6.955233] systemd[1]: Mounting POSIX Message Queue File System...
         Mounting POSIX Message Queue File System...
[    6.963878] systemd[1]: Listening on LVM2 poll daemon socket.
[[0;32m  OK  [0m] Listening on LVM2 poll daemon socket.
[    6.976312] systemd[1]: Mounted Debug File System.
[[0;32m  OK  [0m] Mounted Debug File System.
[    6.979352] systemd[1]: Mounted POSIX Message Queue File System.
[[0;32m  OK  [0m] Mounted POSIX Message Queue File System.
[    6.982202] systemd[1]: Mounted Huge Pages File System.
[[0;32m  OK  [0m] Mounted Huge Pages File System.
[    6.990844] systemd[1]: Started Journal Service.
[[0;32m  OK  [0m] Started Journal Service.
[[0;32m  OK  [0m] Started Remount Root and Kernel File Systems.
[[0;32m  OK  [0m] Started Load Kernel Modules.
[[0;32m  OK  [0m] Started Uncomplicated firewall.
[[0;32m  OK  [0m] Started Set console keymap.
[[0;32m  OK  [0m] Started Create list of required sta...ce nodes for the current kernel.
[[0;32m  OK  [0m] Started Nameserver information manager.
[[0;32m  OK  [0m] Started LVM2 metadata daemon.
         Starting Create Static Device Nodes in /dev...
         Mounting FUSE Control File System...
         Starting Apply Kernel Variables...
         Starting Load/Save Random Seed...
         Starting udev Coldplug all Devices...
         Starting Flush Journal to Persistent Storage...
[[0;32m  OK  [0m] Mounted FUSE Control File System.
[[0;32m  OK  [0m] Started Apply Kernel Variables.
[[0;32m  OK  [0m] Started Create Static Device Nodes in /dev.
[[0;32m  OK  [0m] Started Load/Save Random Seed.
[[0;32m  OK  [0m] Started Flush Journal to Persistent Storage.
[[0;32m  OK  [0m] Started udev Coldplug all Devices.
         Starting udev Kernel Device Manager...
[[0;32m  OK  [0m] Started udev Kernel Device Manager.
[[0;32m  OK  [0m] Started Dispatch Password Requests to Console Directory Watch.
[[0;32m  OK  [0m] Found device /dev/ttyS0.
[[0;32m  OK  [0m] Listening on Load/Save RF Kill Switch Status /dev/rfkill Watch.
[[0;32m  OK  [0m] Found device 82540EM Gigabit Ethern...r (PRO/1000 MT Desktop Adapter).
[[0;32m  OK  [0m] Found device 82540EM Gigabit Ethern...r (PRO/1000 MT Desktop Adapter).
[[0;32m  OK  [0m] Started Monitoring of LVM2 mirrors,...ng dmeventd or progress polling.
[[0;32m  OK  [0m] Reached target Local File Systems (Pre).
[[0;32m  OK  [0m] Reached target Local File Systems.
         Starting LSB: AppArmor initialization...
         Starting Set console font and keymap...
         Starting Tell Plymouth To Write Out Runtime Data...
         Starting Create Volatile Files and Directories...
         Starting Initial cloud-init job (pre-networking)...
[[0;32m  OK  [0m] Started Tell Plymouth To Write Out Runtime Data.
[[0;32m  OK  [0m] Started Create Volatile Files and Directories.
         Starting Update UTMP about System Boot/Shutdown...
[[0;32m  OK  [0m] Started LSB: AppArmor initialization.
[[0;32m  OK  [0m] Started Update UTMP about System Boot/Shutdown.
[[0;32m  OK  [0m] Started Set console font and keymap.
[[0;32m  OK  [0m] Created slice system-getty.slice.
[    8.337763] cloud-init[673]: Cloud-init v. 19.2-36-g059d049c-0ubuntu1~16.04.1 running 'init-local' at Fri, 04 Oct 2019 22:32:34 +0000. Up 8.10 seconds.
[[0;32m  OK  [0m] Started Initial cloud-init job (pre-networking).
[[0;32m  OK  [0m] Reached target Network (Pre).
[[0;32m  OK  [0m] Started ifup for enp0s8.
         Starting Raise network interfaces...
[[0;32m  OK  [0m] Started ifup for enp0s3.
[[0;32m  OK  [0m] Started Raise network interfaces.
[[0;32m  OK  [0m] Reached target Network.
         Starting Initial cloud-init job (metadata service crawler)...
[    8.995617] cloud-init[1077]: Cloud-init v. 19.2-36-g059d049c-0ubuntu1~16.04.1 running 'init' at Fri, 04 Oct 2019 22:32:35 +0000. Up 8.77 seconds.
[    9.004514] cloud-init[1077]: ci-info: ++++++++++++++++++++++++++++++++++++++Net device info+++++++++++++++++++++++++++++++++++++++
[    9.012496] cloud-init[1077]: ci-info: +--------+------+-----------------------------+---------------+--------+-------------------+
[    9.020320] cloud-init[1077]: ci-info: | Device |  Up  |           Address           |      Mask     | Scope  |     Hw-Address    |
[    9.030186] cloud-init[1077]: ci-info: +--------+------+-----------------------------+---------------+--------+-------------------+
[    9.036400] cloud-init[1077]: ci-info: | enp0s3 | True |          10.0.2.15          | 255.255.255.0 | global | 02:af:57:b2:64:eb |
[    9.036597] cloud-init[1077]: ci-info: | enp0s3 | True |  fe80::af:57ff:feb2:64eb/64 |       .       |  link  | 02:af:57:b2:64:eb |
[    9.036694] cloud-init[1077]: ci-info: | enp0s8 | True |        192.168.33.10        | 255.255.255.0 | global | 08:00:27:2d:ef:18 |
[    9.036949] cloud-init[1077]: ci-info: | enp0s8 | True | fe80::a00:27ff:fe2d:ef18/64 |       .       |  link  | 08:00:27:2d:ef:18 |
[    9.037036] cloud-init[1077]: ci-info: |   lo   | True |          127.0.0.1          |   255.0.0.0   |  host  |         .         |
[    9.037165] cloud-init[1077]: ci-info: |   lo   | True |           ::1/128           |       .       |  host  |         .         |
[    9.037438] cloud-init[1077]: ci-info: +--------+------+-----------------------------+---------------+--------+-------------------+
[    9.037732] cloud-init[1077]: ci-info: ++++++++++++++++++++++++++++Route IPv4 info++++++++++++++++++++++++++++
[    9.037866] cloud-init[1077]: ci-info: +-------+--------------+----------+---------------+-----------+-------+
[    9.038188] cloud-init[1077]: ci-info: | Route | Destination  | Gateway  |    Genmask    | Interface | Flags |
[    9.038363] cloud-init[1077]: ci-info: +-------+--------------+----------+---------------+-----------+-------+
[    9.038520] cloud-init[1077]: ci-info: |   0   |   0.0.0.0    | 10.0.2.2 |    0.0.0.0    |   enp0s3  |   UG  |
[    9.038628] cloud-init[1077]: ci-info: |   1   |   10.0.2.0   | 0.0.0.0  | 255.255.255.0 |   enp0s3  |   U   |
[    9.038798] cloud-init[1077]: ci-info: |   2   | 192.168.33.0 | 0.0.0.0  | 255.255.255.0 |   enp0s8  |   U   |
[    9.039010] cloud-init[1077]: ci-info: +-------+--------------+----------+---------------+-----------+-------+
[    9.039129] cloud-init[1077]: ci-info: +++++++++++++++++++Route IPv6 info+++++++++++++++++++
[    9.039373] cloud-init[1077]: ci-info: +-------+-------------+---------+-----------+-------+
[    9.039820] cloud-init[1077]: ci-info: | Route | Destination | Gateway | Interface | Flags |
[    9.040210] cloud-init[1077]: ci-info: +-------+-------------+---------+-----------+-------+
[    9.040452] cloud-init[1077]: ci-info: |   0   |  fe80::/64  |    ::   |   enp0s8  |   U   |
[    9.040704] cloud-init[1077]: ci-info: |   1   |  fe80::/64  |    ::   |   enp0s3  |   U   |
[    9.040896] cloud-init[1077]: ci-info: |   4   |   ff00::/8  |    ::   |   enp0s8  |   U   |
[    9.041001] cloud-init[1077]: ci-info: |   5   |   ff00::/8  |    ::   |   enp0s3  |   U   |
[    9.041278] cloud-init[1077]: ci-info: +-------+-------------+---------+-----------+-------+
[[0;32m  OK  [0m] Started Initial cloud-init job (metadata service crawler).
[[0;32m  OK  [0m] Reached target Cloud-config availability.
[[0;32m  OK  [0m] Reached target System Initialization.
[[0;32m  OK  [0m] Listening on D-Bus System Message Bus Socket.
[[0;32m  OK  [0m] Listening on ACPID Listen Socket.
         Starting LXD - unix socket.
[[0;32m  OK  [0m] Started Daily Cleanup of Temporary Directories.
[[0;32m  OK  [0m] Listening on UUID daemon activation socket.
[[0;32m  OK  [0m] Started ACPI Events Check.
[[0;32m  OK  [0m] Reached target Paths.
[[0;32m  OK  [0m] Started Daily apt download activities.
[[0;32m  OK  [0m] Started Daily apt upgrade and clean activities.
[[0;32m  OK  [0m] Reached target Timers.
         Starting Socket activation for snappy daemon.
[[0;32m  OK  [0m] Reached target Network is Online.
         Starting iSCSI initiator daemon (iscsid)...
[[0;32m  OK  [0m] Listening on LXD - unix socket.
[[0;32m  OK  [0m] Listening on Socket activation for snappy daemon.
[[0;32m  OK  [0m] Started iSCSI initiator daemon (iscsid).
         Starting Login to default iSCSI targets...
[[0;32m  OK  [0m] Reached target Sockets.
[[0;32m  OK  [0m] Reached target Basic System.
[[0;32m  OK  [0m] Started Regular background program processing daemon.
         Starting Virtualbox guest utils...
         Starting OpenBSD Secure Shell server...
         Starting Login Service...
         Starting System Logging Service...
         Starting LSB: Record successful boot for GRUB...
         Starting LSB: MD monitoring daemon...
         Starting Accounts Service...
         Starting Snappy daemon...
[[0;32m  OK  [0m] Started D-Bus System Message Bus.
[[0;32m  OK  [0m] Started FUSE filesystem for LXC.
[[0;32m  OK  [0m] Started ACPI event daemon.
[[0;32m  OK  [0m] Started Deferred execution scheduler.
         Starting MySQL Community Server...
         Starting /etc/rc.local Compatibility...
         Starting LXD - container startup/shutdown...
[[0;32m  OK  [0m] Started System Logging Service.
[[0;32m  OK  [0m] Started /etc/rc.local Compatibility.
[[0;32m  OK  [0m] Started OpenBSD Secure Shell server.
[[0;32m  OK  [0m] Started Login to default iSCSI targets.
[[0;32m  OK  [0m] Started LSB: Record successful boot for GRUB.
[[0;32m  OK  [0m] Started LSB: MD monitoring daemon.
[[0;32m  OK  [0m] Started LXD - container startup/shutdown.
[[0;32m  OK  [0m] Started Virtualbox guest utils.
[[0;32m  OK  [0m] Started Login Service.
[[0;32m  OK  [0m] Started Unattended Upgrades Shutdown.
         Starting Authenticate and Authorize Users to Run Privileged Tasks...
[[0;32m  OK  [0m] Reached target Remote File Systems (Pre).
[[0;32m  OK  [0m] Reached target Remote File Systems.
         Starting LSB: daemon to balance interrupts for SMP systems...
         Starting LSB: automatic crash report generation...
         Starting Permit User Sessions...
         Starting LSB: Set the CPU Frequency Scaling governor to "ondemand"...
         Starting LSB: Apache2 web server...
[[0;32m  OK  [0m] Started Permit User Sessions.
         Starting Terminate Plymouth Boot Screen...
         Starting Hold until boot process finishes up...
[[0;32m  OK  [0m] Started LSB: daemon to balance interrupts for SMP systems.
[[0;32m  OK  [0m] Started LSB: automatic crash report generation.
[[0;32m  OK  [0m] Started LSB: Set the CPU Frequency Scaling governor to "ondemand".
[[0;32m  OK  [0m] Started Terminate Plymouth Boot Screen.
[[0;32m  OK  [0m] Started Hold until boot process finishes up.
[[0;32m  OK  [0m] Started Snappy daemon.
[[0;32m  OK  [0m] Started Authenticate and Authorize Users to Run Privileged Tasks.
[[0;32m  OK  [0m] Started Accounts Service.
         Starting Wait until snapd is fully seeded...
[[0;32m  OK  [0m] Started Getty on tty1.
         Starting Set console scheme...
[[0;32m  OK  [0m] Started Serial Getty on ttyS0.
[[0;32m  OK  [0m] Reached target Login Prompts.
[[0;32m  OK  [0m] Started Set console scheme.
[[0;32m  OK  [0m] Started Wait until snapd is fully seeded.
         Starting Apply the settings specified in cloud-config...
[   10.208373] cloud-init[1371]: Cloud-init v. 19.2-36-g059d049c-0ubuntu1~16.04.1 running 'modules:config' at Fri, 04 Oct 2019 22:32:36 +0000. Up 10.12 seconds.
[[0;32m  OK  [0m] Started Apply the settings specified in cloud-config.
[[0;32m  OK  [0m] Started MySQL Community Server.
[[0;32m  OK  [0m] Started LSB: Apache2 web server.
[[0;32m  OK  [0m] Reached target Multi-User System.
[[0;32m  OK  [0m] Reached target Graphical Interface.
         Starting Execute cloud user/final scripts...
         Starting Update UTMP about System Runlevel Changes...
[[0;32m  OK  [0m] Started Update UTMP about System Runlevel Changes.
[   11.163188] cloud-init[1426]: Cloud-init v. 19.2-36-g059d049c-0ubuntu1~16.04.1 running 'modules:final' at Fri, 04 Oct 2019 22:32:37 +0000. Up 11.07 seconds.
[   11.172762] cloud-init[1426]: Cloud-init v. 19.2-36-g059d049c-0ubuntu1~16.04.1 finished at Fri, 04 Oct 2019 22:32:37 +0000. Datasource DataSourceNoCloud [seed=/dev/sdb][dsmode=net].  Up 11.15 seconds
[[0;32m  OK  [0m] Started Execute cloud user/final scripts.
[[0;32m  OK  [0m] Reached target Cloud-init target.


Ubuntu 16.04.6 LTS ubuntu-xenial ttyS0

ubuntu-xenial login: 